#
# There is insufficient memory for the Java Runtime Environment to continue.
# Native memory allocation (mmap) failed to map 264241152 bytes. Error detail: G1 virtual space
# Possible reasons:
#   The system is out of physical RAM or swap space
#   This process is running with CompressedOops enabled, and the Java Heap may be blocking the growth of the native heap
# Possible solutions:
#   Reduce memory load on the system
#   Increase physical memory or swap space
#   Check if swap backing store is full
#   Decrease Java heap size (-Xmx/-Xms)
#   Decrease number of Java threads
#   Decrease Java thread stack sizes (-Xss)
#   Set larger code cache with -XX:ReservedCodeCacheSize=
#   JVM is running with Zero Based Compressed Oops mode in which the Java heap is
#     placed in the first 32GB address space. The Java Heap base address is the
#     maximum limit for the native heap growth. Please use -XX:HeapBaseMinAddress
#     to set the Java Heap base and to place the Java Heap above 32GB virtual address.
# This output file may be truncated or incomplete.
#
#  Out of Memory Error (os_windows.cpp:3554), pid=24108, tid=24712
#
# JRE version:  (25.0.2+10) (build )
# Java VM: OpenJDK 64-Bit Server VM (25.0.2+10-LTS, mixed mode, sharing, tiered, compressed oops, compressed class ptrs, g1 gc, windows-amd64)
# No core dump will be written. Minidumps are not enabled by default on client versions of Windows
#

---------------  S U M M A R Y ------------

Command Line: --enable-native-access=ALL-UNNAMED 

Host: 12th Gen Intel(R) Core(TM) i5-1235U, 12 cores, 15G,  Windows 11 , 64 bit Build 22621 (10.0.22621.5415)
Time: Wed Apr 29 17:29:42 2026 elapsed time: 0.017345 seconds (0d 0h 0m 0s)

---------------  T H R E A D  ---------------

Current thread (0x0000024c798a5710):  JavaThread "Unknown thread" [_thread_in_vm, id=24712, stack(0x00000058ffb00000,0x00000058ffc00000) (1024K)]

Stack: [0x00000058ffb00000,0x00000058ffc00000]
Native frames: (J=compiled Java code, j=interpreted, Vv=VM code, C=native code)
V  [jvm.dll+0x7a8bc9]  (no source info available)
V  [jvm.dll+0x77310d]  (no source info available)
V  [jvm.dll+0x9f55f3]  (no source info available)
V  [jvm.dll+0x9f7be1]  (no source info available)
V  [jvm.dll+0x9f82f3]  (no source info available)
V  [jvm.dll+0x2fce26]  (no source info available)
V  [jvm.dll+0x7a4df5]  (no source info available)
V  [jvm.dll+0x798257]  (no source info available)
V  [jvm.dll+0x3f5248]  (no source info available)
V  [jvm.dll+0x3fd1b6]  (no source info available)
V  [jvm.dll+0x3e991e]  (no source info available)
V  [jvm.dll+0x3e9bd8]  (no source info available)
V  [jvm.dll+0x3c0c05]  (no source info available)
V  [jvm.dll+0x3c188e]  (no source info available)
V  [jvm.dll+0x9bc474]  (no source info available)
V  [jvm.dll+0x459e72]  (no source info available)
V  [jvm.dll+0x9a02a2]  (no source info available)
V  [jvm.dll+0x4fa5c1]  (no source info available)
V  [jvm.dll+0x4fbeb1]  (no source info available)
C  [jli.dll+0x53fa]  (no source info available)
C  [ucrtbase.dll+0x29333]  (no source info available)
C  [KERNEL32.DLL+0x1259d]  (no source info available)
C  [ntdll.dll+0x5af78]  (no source info available)

Lock stack of current Java thread (top to bottom):


---------------  P R O C E S S  ---------------

Threads class SMR info:
_java_thread_list=0x00007ffe36dde008, length=0, elements={
}

Java Threads: ( => current thread )
Total: 0

Other Threads:
  0x0000024c79909a30 WorkerThread "GC Thread#0"                     [id=21992, stack(0x00000058ffc00000,0x00000058ffd00000) (1024K)]
  0x0000024c799223a0 ConcurrentGCThread "G1 Main Marker"            [id=9184, stack(0x00000058ffd00000,0x00000058ffe00000) (1024K)]
  0x0000024c79923b50 WorkerThread "G1 Conc#0"                       [id=7508, stack(0x00000058ffe00000,0x00000058fff00000) (1024K)]

[error occurred during error reporting (printing all threads), id 0xc0000005, EXCEPTION_ACCESS_VIOLATION (0xc0000005) at pc=0x00007ffe3640591a]
VM state: not at safepoint (not fully initialized)

VM Mutex/Monitor currently owned by a thread:  ([mutex/lock_event])
[0x00007ffe36e66548] Heap_lock - owner thread: 0x0000024c798a5710

Heap address: 0x0000000704e00000, size: 4018 MB, Compressed Oops mode: Zero based, Oop shift amount: 3

CDS archive(s) mapped at: [0x0000000000000000-0x0000000000000000-0x0000000000000000), size 0, SharedBaseAddress: 0x0000000800000000, ArchiveRelocationMode: 1.
UseCompressedClassPointers 1, UseCompactObjectHeaders 0
Narrow klass pointer bits 32, Max shift 3
Narrow klass base: 0xffffffffffffffff, Narrow klass shift: -1
Encoding Range: [0xffffffffffffffff - 0x000000007fffffff), (2147483648 bytes)
Klass Range:    [0x0000000000000000 - 0x0000000000000000), (0 bytes)
Klass ID Range:  [4294967295 - 0) (1)
No protection zone.

GC Precious Log:
 CardTable entry size: 512
 Card Set container configuration: InlinePtr #cards 4 size 8 Array Of Cards #cards 16 size 48 Howl #buckets 8 coarsen threshold 3686 Howl Bitmap #cards 512 size 80 coarsen threshold 460 Card regions per heap region 1 cards per card region 4096

Heap:
 garbage-first heap   total reserved 4114432K, committed 0K, used 0K [0x0000000704e00000, 0x0000000800000000)
  region size 2048K, 0 young (0K), 0 survivors (0K)

Heap Regions: E=young(eden), S=young(survivor), O=old, HS=humongous(starts), HC=humongous(continues), CS=collection set, F=free, TAMS=top-at-mark-start, PB=parsable bottom

Card table byte_map: [0x0000024c7a690000,0x0000024c7ae70000] _byte_map_base: 0x0000024c76e69000

Marking Bits: (CMBitMap*) 0x0000024c7990a1c0
 Bits: [0x0000024c7ae70000, 0x0000024c7ed38000)

GC Heap Usage History (0 events):
No events

Metaspace Usage History (0 events):
No events

Dll operation events (1 events):
Event: 0.013 Loaded shared library D:\JDK\bin\java.dll

Deoptimization events (0 events):
No events

Classes loaded (0 events):
No events

Classes unloaded (0 events):
No events

Classes redefined (0 events):
No events

Internal exceptions (0 events):
No events

VM Operations (0 events):
No events

Memory protections (0 events):
No events

Nmethod flushes (0 events):
No events

Events (0 events):
No events


Dynamic libraries:
0x00007ff6fb440000 - 0x00007ff6fb44e000 	D:\JDK\bin\java.exe
0x00007fff0ad10000 - 0x00007fff0af28000 	C:\Windows\SYSTEM32\ntdll.dll
0x00007fff0a430000 - 0x00007fff0a4f4000 	C:\Windows\System32\KERNEL32.DLL
0x00007fff08480000 - 0x00007fff08853000 	C:\Windows\System32\KERNELBASE.dll
0x00007fff081f0000 - 0x00007fff08301000 	C:\Windows\System32\ucrtbase.dll
0x00007ffef09b0000 - 0x00007ffef09ce000 	D:\JDK\bin\VCRUNTIME140.dll
0x00007ffec7790000 - 0x00007ffec77a6000 	D:\JDK\bin\jli.dll
0x00007fff0a1c0000 - 0x00007fff0a372000 	C:\Windows\System32\USER32.dll
0x00007fff08450000 - 0x00007fff08476000 	C:\Windows\System32\win32u.dll
0x00007fff08cb0000 - 0x00007fff08cd9000 	C:\Windows\System32\GDI32.dll
0x00007fff08010000 - 0x00007fff0812b000 	C:\Windows\System32\gdi32full.dll
0x00007ffeebbe0000 - 0x00007ffeebe7c000 	C:\Windows\WinSxS\amd64_microsoft.windows.common-controls_6595b64144ccf1df_6.0.22621.6060_none_2712eda17382d24b\COMCTL32.dll
0x00007fff08860000 - 0x00007fff088fa000 	C:\Windows\System32\msvcp_win.dll
0x00007fff0a380000 - 0x00007fff0a427000 	C:\Windows\System32\msvcrt.dll
0x00007fff0a610000 - 0x00007fff0a641000 	C:\Windows\System32\IMM32.DLL
0x00007ffef09a0000 - 0x00007ffef09ac000 	D:\JDK\bin\vcruntime140_1.dll
0x00007ffec7850000 - 0x00007ffec78dd000 	D:\JDK\bin\msvcp140.dll
0x00007ffe36030000 - 0x00007ffe36f56000 	D:\JDK\bin\server\jvm.dll
0x00007fff09230000 - 0x00007fff092e1000 	C:\Windows\System32\ADVAPI32.dll
0x00007fff089b0000 - 0x00007fff08a58000 	C:\Windows\System32\sechost.dll
0x00007fff08900000 - 0x00007fff08928000 	C:\Windows\System32\bcrypt.dll
0x00007fff09330000 - 0x00007fff09448000 	C:\Windows\System32\RPCRT4.dll
0x00007fff0a8a0000 - 0x00007fff0a911000 	C:\Windows\System32\WS2_32.dll
0x00007fff07cf0000 - 0x00007fff07d3d000 	C:\Windows\SYSTEM32\POWRPROF.dll
0x00007fff04990000 - 0x00007fff049c4000 	C:\Windows\SYSTEM32\WINMM.dll
0x00007ffefd380000 - 0x00007ffefd38a000 	C:\Windows\SYSTEM32\VERSION.dll
0x00007fff07cd0000 - 0x00007fff07ce3000 	C:\Windows\SYSTEM32\UMPDC.dll
0x00007fff06da0000 - 0x00007fff06db8000 	C:\Windows\SYSTEM32\kernel.appcore.dll
0x00007ffeef770000 - 0x00007ffeef77a000 	D:\JDK\bin\jimage.dll
0x00007fff056e0000 - 0x00007fff05913000 	C:\Windows\SYSTEM32\DBGHELP.DLL
0x00007fff0a920000 - 0x00007fff0acb1000 	C:\Windows\System32\combase.dll
0x00007fff09150000 - 0x00007fff09228000 	C:\Windows\System32\OLEAUT32.dll
0x00007ffef1610000 - 0x00007ffef1642000 	C:\Windows\SYSTEM32\dbgcore.DLL
0x00007fff07f90000 - 0x00007fff0800b000 	C:\Windows\System32\bcryptPrimitives.dll
0x00007ffeef750000 - 0x00007ffeef76e000 	D:\JDK\bin\java.dll
0x00007fff08ae0000 - 0x00007fff08c81000 	C:\Windows\System32\ole32.dll
0x00007fff094a0000 - 0x00007fff09d3c000 	C:\Windows\System32\SHELL32.dll
0x00007fff08310000 - 0x00007fff0844f000 	C:\Windows\System32\wintypes.dll

JVMTI agents: none

dbghelp: loaded successfully - version: 4.0.5 - missing functions: none
symbol engine: initialized successfully - sym options: 0x614 - pdb path: .;D:\JDK\bin;C:\Windows\SYSTEM32;C:\Windows\WinSxS\amd64_microsoft.windows.common-controls_6595b64144ccf1df_6.0.22621.6060_none_2712eda17382d24b;D:\JDK\bin\server

VM Arguments:
jvm_args: --enable-native-access=ALL-UNNAMED 
java_command: <unknown>
java_class_path (initial): <not set>
Launcher Type: SUN_STANDARD

[Global flags]
     intx CICompilerCount                          = 4                                         {product} {ergonomic}
     uint ConcGCThreads                            = 3                                         {product} {ergonomic}
     uint G1ConcRefinementThreads                  = 10                                        {product} {ergonomic}
   size_t G1HeapRegionSize                         = 2097152                                   {product} {ergonomic}
   size_t InitialHeapSize                          = 264241152                                 {product} {ergonomic}
   size_t MarkStackSize                            = 4194304                                   {product} {ergonomic}
   size_t MarkStackSizeMax                         = 536870912                                 {product} {ergonomic}
   size_t MaxHeapSize                              = 4213178368                                {product} {ergonomic}
   size_t MinHeapDeltaBytes                        = 2097152                                   {product} {ergonomic}
   size_t MinHeapSize                              = 8388608                                   {product} {ergonomic}
    uintx NonNMethodCodeHeapSize                   = 5832704                                {pd product} {ergonomic}
    uintx NonProfiledCodeHeapSize                  = 122945536                              {pd product} {ergonomic}
    uintx ProfiledCodeHeapSize                     = 122880000                              {pd product} {ergonomic}
    uintx ReservedCodeCacheSize                    = 251658240                              {pd product} {ergonomic}
     bool SegmentedCodeCache                       = true                                      {product} {ergonomic}
   size_t SoftMaxHeapSize                          = 4213178368                             {manageable} {ergonomic}
     bool UseCompressedOops                        = true                           {product lp64_product} {ergonomic}
     bool UseG1GC                                  = true                                      {product} {ergonomic}
     bool UseLargePagesIndividualAllocation        = false                                  {pd product} {ergonomic}

Logging:
Log output configuration:
 #0: stdout all=warning uptime,level,tags foldmultilines=false
 #1: stderr all=off uptime,level,tags foldmultilines=false

Release file:
<release file has not been read>
Environment Variables:
JAVA_HOME=D:/JDK
PATH=C:\Users\21794\bin;D:\git\Git\mingw64\bin;D:\git\Git\usr\local\bin;D:\git\Git\usr\bin;D:\git\Git\usr\bin;D:\git\Git\mingw64\bin;D:\git\Git\usr\bin;C:\Users\21794\bin;C:\Users\21794\AppData\Local\Programs\Python\Python314\Scripts;C:\Visual Studio Code\Microsoft VS Code;D:\JDK\bin;C:\Program Files (x86)\Common Files\Intel\Shared Libraries\redist\intel64\compiler;C:\Windows\system32;C:\Windows;C:\Windows\System32\Wbem;C:\Windows\System32\WindowsPowerShell\v1.0;C:\Windows\System32\OpenSSH;C:\Program Files\dotnet;C:\Program Files (x86)\NVIDIA Corporation\PhysX\Common;E:\Process losso\Process Lasso;C:\Program Files\NVIDIA Corporation\NVIDIA NvDLISR;D:\MySQL\MySQL Server 8.0\bin;C:\Program Files\Microsoft SQL Server\150\Tools\Binn;C:\Program Files\Microsoft SQL Server\Client SDK\ODBC\170\Tools\Binn;C:\Program Files (x86)\Windows Kits\10\Windows Performance Toolkit;D:\git\Git\cmd;C:\Program Files\Docker\Docker\resources\bin;C:\Program Files\nodejs;E:\anaconda;E:\anaconda\Library\mingw-w64\bin;E:\anaconda\Library\usr\bin;E:\anaconda\Library\bin;E:\anaconda\Scripts;C:\Users\21794\AppData\Local\Programs\Python\Launcher;C:\Program Files\MySQL\MySQL Shell 8.0\bin;C:\Users\21794\AppData\Local\Microsoft\WindowsApps;C:\Visual Studio Code\Microsoft VS Code\bin;C:\Users\21794\.dotnet\tools;C:\ProgramData\21794\GitHubDesktop\bin;E:\PyCharm\professional_version\PyCharm 2025.3.1.1\bin;C:\Users\21794\AppData\Roaming\npm;D:\JDK\bin;D:\JDK\bin;D:\git\Git\usr\bin\vendor_perl;D:\git\Git\usr\bin\core_perl
USERNAME=21794
SHELL=D:\git\Git\usr\bin\bash.exe
TERM=xterm-256color
OS=Windows_NT
PROCESSOR_IDENTIFIER=Intel64 Family 6 Model 154 Stepping 4, GenuineIntel
TMP=C:\Users\21794\AppData\Local\Temp
TEMP=C:\Users\21794\AppData\Local\Temp




Compilation memory statistics disabled.

Periodic native trim disabled

---------------  S Y S T E M  ---------------

OS:
 Windows 11 , 64 bit Build 22621 (10.0.22621.5415)
OS uptime: 2 days 8:03 hours
Hyper-V role detected

CPU: total 12 (initial active 12) (6 cores per cpu, 2 threads per core) family 6 model 154 stepping 4 microcode 0x43b, cx8, cmov, fxsr, ht, mmx, 3dnowpref, sse, sse2, sse3, ssse3, sse4.1, sse4.2, popcnt, lzcnt, tsc, tscinvbit, avx, avx2, aes, erms, clmul, bmi1, bmi2, adx, sha, fma, vzeroupper, clflush, clflushopt, clwb, hv, serialize, rdtscp, rdpid, fsrm, gfni, f16c, cet_ibt, cet_ss
Processor Information for the first 12 processors :
  Max Mhz: 2501, Current Mhz: 2501, Mhz Limit: 2501

Memory: 4k page, system-wide physical 16068M (9451M free)
TotalPageFile size 46788M (AvailPageFile size 109M)
current process WorkingSet (physical memory assigned to process): 12M, peak: 12M
current process commit charge ("private bytes"): 65M, peak: 316M

vm_info: OpenJDK 64-Bit Server VM (25.0.2+10-LTS) for windows-amd64 JRE (25.0.2+10-LTS), built on 2026-01-20T00:00:00Z with MS VC++ 17.12 (VS2022)

END.
