#
# There is insufficient memory for the Java Runtime Environment to continue.
# Native memory allocation (malloc) failed to allocate 325520 bytes. Error detail: Chunk::new
# Possible reasons:
#   The system is out of physical RAM or swap space
#   This process is running with CompressedOops enabled, and the Java Heap may be blocking the growth of the native heap
# Possible solutions:
#   Reduce memory load on the system
#   Increase physical memory or swap space
#   Check if swap backing store is full
#   Decrease Java heap size (-Xmx/-Xms)
#   Decrease number of Java threads
#   Decrease Java thread stack sizes (-Xss)
#   Set larger code cache with -XX:ReservedCodeCacheSize=
#   JVM is running with Unscaled Compressed Oops mode in which the Java heap is
#     placed in the first 4GB address space. The Java Heap base address is the
#     maximum limit for the native heap growth. Please use -XX:HeapBaseMinAddress
#     to set the Java Heap base and to place the Java Heap above 4GB virtual address.
# This output file may be truncated or incomplete.
#
#  Out of Memory Error (arena.cpp:186), pid=15748, tid=2104
#
# JRE version: OpenJDK Runtime Environment Temurin-25.0.2+10 (25.0.2+10) (build 25.0.2+10-LTS)
# Java VM: OpenJDK 64-Bit Server VM Temurin-25.0.2+10 (25.0.2+10-LTS, mixed mode, sharing, tiered, compressed oops, compressed class ptrs, serial gc, windows-amd64)
# No core dump will be written. Minidumps are not enabled by default on client versions of Windows
#

---------------  S U M M A R Y ------------

Command Line: -Dapplication.home=D:\JDK --add-modules=ALL-DEFAULT -Xms8m -XX:+UseSerialGC -Xmx256m -Djdk.module.main=jdk.compiler jdk.compiler/com.sun.tools.javac.Main -cp target/gson-2.11.0.jar -d target/classes src/main/java/com/englishspeaker/model/ReadingResult.java src/main/java/com/englishspeaker/model/Scenario.java src/main/java/com/englishspeaker/model/User.java src/main/java/com/englishspeaker/service/AiService.java src/main/java/com/englishspeaker/service/AudioRecorderService.java src/main/java/com/englishspeaker/service/ConversationService.java src/main/java/com/englishspeaker/service/ReadingService.java src/main/java/com/englishspeaker/service/SpeechToTextService.java src/main/java/com/englishspeaker/service/TextToSpeechService.java src/main/java/com/englishspeaker/service/UserService.java src/main/java/com/englishspeaker/gui/ConversationPanel.java src/main/java/com/englishspeaker/gui/HomePanel.java src/main/java/com/englishspeaker/gui/LoginPanel.java src/main/java/com/englishspeaker/gui/ReadingPanel.java src/main/java/com/englishspeaker/EnglishSpeakerApp.java

Host: 12th Gen Intel(R) Core(TM) i5-1235U, 12 cores, 15G,  Windows 11 , 64 bit Build 22621 (10.0.22621.5415)
Time: Wed Apr 29 18:20:40 2026 elapsed time: 0.932942 seconds (0d 0h 0m 0s)

---------------  T H R E A D  ---------------

Current thread (0x000002370e411dd0):  JavaThread "C2 CompilerThread1" daemon [_thread_in_native, id=2104, stack(0x00000048d6b00000,0x00000048d6c00000) (1024K)]


Current CompileTask:
C2:933 1850   !   4       com.sun.tools.javac.jvm.PoolReader::resolve (400 bytes)

Stack: [0x00000048d6b00000,0x00000048d6c00000]
Native frames: (J=compiled Java code, j=interpreted, Vv=VM code, C=native code)
V  [jvm.dll+0x7a8bc9]  (no source info available)
V  [jvm.dll+0x77310d]  (no source info available)
V  [jvm.dll+0x9f55f3]  (no source info available)
V  [jvm.dll+0x9f7be1]  (no source info available)
V  [jvm.dll+0x9f82f3]  (no source info available)
V  [jvm.dll+0x2fce26]  (no source info available)
V  [jvm.dll+0x111076]  (no source info available)
V  [jvm.dll+0x11139e]  (no source info available)
V  [jvm.dll+0x453757]  (no source info available)
V  [jvm.dll+0x254188]  (no source info available)
V  [jvm.dll+0x2c027c]  (no source info available)
V  [jvm.dll+0x2bf3cf]  (no source info available)
V  [jvm.dll+0x237140]  (no source info available)
V  [jvm.dll+0x2cf4c6]  (no source info available)
V  [jvm.dll+0x2cd74a]  (no source info available)
V  [jvm.dll+0x48fbee]  (no source info available)
V  [jvm.dll+0x996b0d]  (no source info available)
V  [jvm.dll+0x7a71a5]  (no source info available)
C  [ucrtbase.dll+0x29333]  (no source info available)
C  [KERNEL32.DLL+0x1259d]  (no source info available)
C  [ntdll.dll+0x5af78]  (no source info available)

Lock stack of current Java thread (top to bottom):


---------------  P R O C E S S  ---------------

Threads class SMR info:
_java_thread_list=0x0000023726d42720, length=13, elements={
0x000002370c4f4970, 0x000002370e839690, 0x000002370e83b300, 0x000002370e83e570,
0x000002370e840140, 0x000002370e8414a0, 0x000002370e842280, 0x000002370e843570,
0x000002370e844670, 0x000002370e411dd0, 0x0000023726316610, 0x00000237264d8ef0,
0x0000023726c0ce00
}

Java Threads: ( => current thread )
  0x000002370c4f4970 JavaThread "main"                              [_thread_in_Java, id=21552, stack(0x00000048d6000000,0x00000048d6100000) (1024K)]
  0x000002370e839690 JavaThread "Reference Handler"          daemon [_thread_blocked, id=28296, stack(0x00000048d6300000,0x00000048d6400000) (1024K)]
  0x000002370e83b300 JavaThread "Finalizer"                  daemon [_thread_blocked, id=12784, stack(0x00000048d6400000,0x00000048d6500000) (1024K)]
  0x000002370e83e570 JavaThread "Signal Dispatcher"          daemon [_thread_blocked, id=28628, stack(0x00000048d6500000,0x00000048d6600000) (1024K)]
  0x000002370e840140 JavaThread "Attach Listener"            daemon [_thread_blocked, id=5844, stack(0x00000048d6600000,0x00000048d6700000) (1024K)]
  0x000002370e8414a0 JavaThread "Service Thread"             daemon [_thread_blocked, id=4248, stack(0x00000048d6700000,0x00000048d6800000) (1024K)]
  0x000002370e842280 JavaThread "Monitor Deflation Thread"   daemon [_thread_blocked, id=15920, stack(0x00000048d6800000,0x00000048d6900000) (1024K)]
  0x000002370e843570 JavaThread "C2 CompilerThread0"         daemon [_thread_blocked, id=5636, stack(0x00000048d6900000,0x00000048d6a00000) (1024K)]
  0x000002370e844670 JavaThread "C1 CompilerThread0"         daemon [_thread_blocked, id=17888, stack(0x00000048d6a00000,0x00000048d6b00000) (1024K)]
=>0x000002370e411dd0 JavaThread "C2 CompilerThread1"         daemon [_thread_in_native, id=2104, stack(0x00000048d6b00000,0x00000048d6c00000) (1024K)]
  0x0000023726316610 JavaThread "Notification Thread"        daemon [_thread_blocked, id=14128, stack(0x00000048d6c00000,0x00000048d6d00000) (1024K)]
  0x00000237264d8ef0 JavaThread "Common-Cleaner"             daemon [_thread_blocked, id=13712, stack(0x00000048d6d00000,0x00000048d6e00000) (1024K)]
  0x0000023726c0ce00 JavaThread "C2 CompilerThread2"         daemon [_thread_blocked, id=9528, stack(0x00000048d6e00000,0x00000048d6f00000) (1024K)]
Total: 13

Other Threads:
  0x000002370e829000 VMThread "VM Thread"                           [id=28344, stack(0x00000048d6200000,0x00000048d6300000) (1024K)]
  0x000002370e31c880 WatcherThread "VM Periodic Task Thread"        [id=2776, stack(0x00000048d6100000,0x00000048d6200000) (1024K)]
Total: 2

Threads with active compile tasks:
C2 CompilerThread1  1001 1850   !   4       com.sun.tools.javac.jvm.PoolReader::resolve (400 bytes)
Total: 1

VM state: not at safepoint (normal execution)

VM Mutex/Monitor currently owned by a thread: None

Heap address: 0x00000000f0000000, size: 256 MB, Compressed Oops mode: 32-bit

CDS archive(s) mapped at: [0x0000000007000000-0x0000000007dd0000-0x0000000007dd0000), size 14483456, SharedBaseAddress: 0x0000000007000000, ArchiveRelocationMode: 1.
Compressed class space mapped at: 0x0000000008000000-0x0000000048000000, reserved size: 1073741824
UseCompressedClassPointers 1, UseCompactObjectHeaders 0
Narrow klass pointer bits 32, Max shift 3
Narrow klass base: 0x0000000007000000, Narrow klass shift: 0
Encoding Range: [0x0000000007000000 - 0x0000000107000000), (4294967296 bytes)
Klass Range:    [0x0000000007010000 - 0x0000000048000000), (1090453504 bytes)
Klass ID Range:  [65536 - 1090519033) (1090453497)
Protection zone: [0x0000000007000000 - 0x0000000007010000), (65536 bytes)

GC Precious Log:
 CardTable entry size: 512
 CPUs: 12 total, 12 available
 Memory: 16068M
 Large Page Support: Disabled
 NUMA Support: Disabled
 Compressed Oops: Enabled (32-bit)
 Heap Min Capacity: 8M
 Heap Initial Capacity: 8M
 Heap Max Capacity: 256M
 Pre-touch: Disabled

Heap:
 DefNew     total 2432K, used 2362K [0x00000000f0000000, 0x00000000f02a0000, 0x00000000f5550000)
  eden space 2176K,  96% used [0x00000000f0000000, 0x00000000f020e900, 0x00000000f0220000)
  from space 256K, 100% used [0x00000000f0260000, 0x00000000f02a0000, 0x00000000f02a0000)
  to   space 256K,   0% used [0x00000000f0220000, 0x00000000f0220000, 0x00000000f0260000)
 Tenured    total 10496K, used 10449K [0x00000000f5550000, 0x00000000f5f90000, 0x0000000100000000)
  the  space 10496K,  99% used [0x00000000f5550000, 0x00000000f5f844d8, 0x00000000f5f90000)

Card table byte_map: [0x000002370e160000,0x000002370e1e0000] _byte_map_base: 0x000002370d9e0000

Polling page: 0x000002370c7a0000

Metaspace:
Metaspace        used 10312K, committed 10496K, reserved 1114112K
 class space     used 1205K, committed 1280K, reserved 1048576K

Usage:
  Non-class:      8.89 MB used.
      Class:      1.18 MB used.
       Both:     10.07 MB used.

Virtual space:
  Non-class space:       64.00 MB reserved,       9.00 MB ( 14%) committed,  1 nodes.
      Class space:        1.00 GB reserved,       1.25 MB ( <1%) committed,  1 nodes.
             Both:        1.06 GB reserved,      10.25 MB ( <1%) committed. 

Chunk freelists:
   Non-Class:  4.86 MB
       Class:  14.70 MB
        Both:  19.56 MB

MaxMetaspaceSize: unlimited
CompressedClassSpaceSize: 1.00 GB
Initial GC threshold: 21.00 MB
Current GC threshold: 21.00 MB
CDS: on
 - commit_granule_bytes: 65536.
 - commit_granule_words: 8192.
 - virtual_space_node_default_size: 8388608.
 - enlarge_chunks_in_place: 1.
UseCompressedClassPointers 1, UseCompactObjectHeaders 0
Narrow klass pointer bits 32, Max shift 3
Narrow klass base: 0x0000000007000000, Narrow klass shift: 0
Encoding Range: [0x0000000007000000 - 0x0000000107000000), (4294967296 bytes)
Klass Range:    [0x0000000007010000 - 0x0000000048000000), (1090453504 bytes)
Klass ID Range:  [65536 - 1090519033) (1090453497)
Protection zone: [0x0000000007000000 - 0x0000000007010000), (65536 bytes)


Internal statistics:

num_allocs_failed_limit: 0.
num_arena_births: 74.
num_arena_deaths: 0.
num_vsnodes_births: 2.
num_vsnodes_deaths: 0.
num_space_committed: 164.
num_space_uncommitted: 0.
num_chunks_returned_to_freelist: 0.
num_chunks_taken_from_freelist: 429.
num_chunk_merges: 0.
num_chunk_splits: 304.
num_chunks_enlarged: 240.
num_inconsistent_stats: 0.

CodeHeap 'non-profiled nmethods': size=120064Kb used=606Kb max_used=606Kb free=119457Kb
 bounds [0x000002371ed60000, 0x000002371efd0000, 0x00000237262a0000]
CodeHeap 'profiled nmethods': size=120000Kb used=2897Kb max_used=2897Kb free=117102Kb
 bounds [0x00000237172a0000, 0x0000023717580000, 0x000002371e7d0000]
CodeHeap 'non-nmethods': size=5696Kb used=1297Kb max_used=1330Kb free=4398Kb
 bounds [0x000002371e7d0000, 0x000002371ea40000, 0x000002371ed60000]
CodeCache: size=245760Kb, used=4800Kb, max_used=4833Kb, free=240957Kb
 total_blobs=2495, nmethods=2002, adapters=398, full_count=0
Compilation: enabled, stopped_count=0, restarted_count=0

Compilation events (20 events):
Event: 0.922 Thread 0x000002370e843570 1905       4       com.sun.tools.javac.tree.JCTree$JCIdent::getTag (4 bytes)
Event: 0.922 Thread 0x000002370e844670 1904       3       com.sun.tools.javac.util.AbstractLog::getSource (50 bytes)
Event: 0.923 Thread 0x000002370e843570 nmethod 1905 0x000002371edefc88 code [0x000002371edefd80, 0x000002371edefe00]
Event: 0.923 Thread 0x000002370e844670 nmethod 1904 0x0000023717549f08 code [0x000002371754a000, 0x000002371754a560]
Event: 0.923 Thread 0x000002370e844670 1907       1       com.sun.tools.javac.code.Type::isPrimitiveOrVoid (2 bytes)
Event: 0.923 Thread 0x000002370e844670 nmethod 1907 0x000002371edeff88 code [0x000002371edf0080, 0x000002371edf0148]
Event: 0.923 Thread 0x000002370e844670 1908       3       java.lang.classfile.ClassBuilder::withMethod (34 bytes)
Event: 0.923 Thread 0x000002370e844670 nmethod 1908 0x000002371754a588 code [0x000002371754a680, 0x000002371754ad28]
Event: 0.923 Thread 0x000002370e844670 1909       3       java.lang.invoke.MethodHandles$Lookup::findBoundCallerLookup (30 bytes)
Event: 0.924 Thread 0x000002370e844670 nmethod 1909 0x000002371754ad88 code [0x000002371754ae80, 0x000002371754b5c8]
Event: 0.924 Thread 0x000002370e844670 1910       3       java.lang.invoke.MethodHandles$Lookup::getDirectMethod (14 bytes)
Event: 0.924 Thread 0x000002370e844670 nmethod 1910 0x000002371754b608 code [0x000002371754b700, 0x000002371754b838]
Event: 0.925 Thread 0x000002370e844670 1911       3       jdk.internal.classfile.impl.Util$1WithCodeMethodHandler::accept (9 bytes)
Event: 0.925 Thread 0x000002370e844670 nmethod 1911 0x000002371754b908 code [0x000002371754ba00, 0x000002371754bdc0]
Event: 0.925 Thread 0x000002370e844670 1912       3       jdk.internal.classfile.impl.Util$1WithCodeMethodHandler::accept (12 bytes)
Event: 0.925 Thread 0x000002370e844670 nmethod 1912 0x000002371754be08 code [0x000002371754bf00, 0x000002371754c100]
Event: 0.926 Thread 0x000002370e843570 1913       4       jdk.internal.util.ReferencedKeyMap::removeStaleReferences (30 bytes)
Event: 0.927 Thread 0x0000023726c0ce00 nmethod 1877 0x000002371edf0288 code [0x000002371edf0380, 0x000002371edf0b70]
Event: 0.928 Thread 0x000002370e844670 1914       3       sun.invoke.util.VerifyAccess::getClassModifiers (24 bytes)
Event: 0.929 Thread 0x000002370e844670 nmethod 1914 0x000002371754c108 code [0x000002371754c200, 0x000002371754c5e8]

GC Heap Usage History (20 events):
Event: 0.702 {heap Before GC invocations=10 (full 0):
 DefNew     total 2432K, used 2431K [0x00000000f0000000, 0x00000000f02a0000, 0x00000000f5550000)
  eden space 2176K, 100% used [0x00000000f0000000, 0x00000000f0220000, 0x00000000f0220000)
  from space 256K,  99% used [0x00000000f0220000, 0x00000000f025fff8, 0x00000000f0260000)
  to   space 256K,   0% used [0x00000000f0260000, 0x00000000f0260000, 0x00000000f02a0000)
 Tenured    total 6080K, used 5915K [0x00000000f5550000, 0x00000000f5b40000, 0x0000000100000000)
  theEvent: 0.705 {heap After GC invocations=11 (full 0):
 DefNew     total 2432K, used 256K [0x00000000f0000000, 0x00000000f02a0000, 0x00000000f5550000)
  eden space 2176K,   0% used [0x00000000f0000000, 0x00000000f0000000, 0x00000000f0220000)
  from space 256K, 100% used [0x00000000f0260000, 0x00000000f02a0000, 0x00000000f02a0000)
  to   space 256K,   0% used [0x00000000f0220000, 0x00000000f0220000, 0x00000000f0260000)
 Tenured    total 6272K, used 6233K [0x00000000f5550000, 0x00000000f5b70000, 0x0000000100000000)
  the  Event: 0.749 {heap Before GC invocations=11 (full 0):
 DefNew     total 2432K, used 2432K [0x00000000f0000000, 0x00000000f02a0000, 0x00000000f5550000)
  eden space 2176K, 100% used [0x00000000f0000000, 0x00000000f0220000, 0x00000000f0220000)
  from space 256K, 100% used [0x00000000f0260000, 0x00000000f02a0000, 0x00000000f02a0000)
  to   space 256K,   0% used [0x00000000f0220000, 0x00000000f0220000, 0x00000000f0260000)
 Tenured    total 6272K, used 6233K [0x00000000f5550000, 0x00000000f5b70000, 0x0000000100000000)
  theEvent: 0.754 {heap After GC invocations=12 (full 0):
 DefNew     total 2432K, used 256K [0x00000000f0000000, 0x00000000f02a0000, 0x00000000f5550000)
  eden space 2176K,   0% used [0x00000000f0000000, 0x00000000f0000000, 0x00000000f0220000)
  from space 256K, 100% used [0x00000000f0220000, 0x00000000f0260000, 0x00000000f0260000)
  to   space 256K,   0% used [0x00000000f0260000, 0x00000000f0260000, 0x00000000f02a0000)
 Tenured    total 6848K, used 6689K [0x00000000f5550000, 0x00000000f5c00000, 0x0000000100000000)
  the  Event: 0.763 {heap Before GC invocations=12 (full 0):
 DefNew     total 2432K, used 2432K [0x00000000f0000000, 0x00000000f02a0000, 0x00000000f5550000)
  eden space 2176K, 100% used [0x00000000f0000000, 0x00000000f0220000, 0x00000000f0220000)
  from space 256K, 100% used [0x00000000f0220000, 0x00000000f0260000, 0x00000000f0260000)
  to   space 256K,   0% used [0x00000000f0260000, 0x00000000f0260000, 0x00000000f02a0000)
 Tenured    total 6848K, used 6689K [0x00000000f5550000, 0x00000000f5c00000, 0x0000000100000000)
  theEvent: 0.766 {heap After GC invocations=13 (full 0):
 DefNew     total 2432K, used 255K [0x00000000f0000000, 0x00000000f02a0000, 0x00000000f5550000)
  eden space 2176K,   0% used [0x00000000f0000000, 0x00000000f0000000, 0x00000000f0220000)
  from space 256K,  99% used [0x00000000f0260000, 0x00000000f029fff8, 0x00000000f02a0000)
  to   space 256K,   0% used [0x00000000f0220000, 0x00000000f0220000, 0x00000000f0260000)
 Tenured    total 7232K, used 7044K [0x00000000f5550000, 0x00000000f5c60000, 0x0000000100000000)
  the  Event: 0.773 {heap Before GC invocations=13 (full 0):
 DefNew     total 2432K, used 2431K [0x00000000f0000000, 0x00000000f02a0000, 0x00000000f5550000)
  eden space 2176K, 100% used [0x00000000f0000000, 0x00000000f0220000, 0x00000000f0220000)
  from space 256K,  99% used [0x00000000f0260000, 0x00000000f029fff8, 0x00000000f02a0000)
  to   space 256K,   0% used [0x00000000f0220000, 0x00000000f0220000, 0x00000000f0260000)
 Tenured    total 7232K, used 7044K [0x00000000f5550000, 0x00000000f5c60000, 0x0000000100000000)
  theEvent: 0.776 {heap After GC invocations=14 (full 0):
 DefNew     total 2432K, used 255K [0x00000000f0000000, 0x00000000f02a0000, 0x00000000f5550000)
  eden space 2176K,   0% used [0x00000000f0000000, 0x00000000f0000000, 0x00000000f0220000)
  from space 256K,  99% used [0x00000000f0220000, 0x00000000f025fff8, 0x00000000f0260000)
  to   space 256K,   0% used [0x00000000f0260000, 0x00000000f0260000, 0x00000000f02a0000)
 Tenured    total 7424K, used 7415K [0x00000000f5550000, 0x00000000f5c90000, 0x0000000100000000)
  the  Event: 0.805 {heap Before GC invocations=14 (full 0):
 DefNew     total 2432K, used 2431K [0x00000000f0000000, 0x00000000f02a0000, 0x00000000f5550000)
  eden space 2176K, 100% used [0x00000000f0000000, 0x00000000f0220000, 0x00000000f0220000)
  from space 256K,  99% used [0x00000000f0220000, 0x00000000f025fff8, 0x00000000f0260000)
  to   space 256K,   0% used [0x00000000f0260000, 0x00000000f0260000, 0x00000000f02a0000)
 Tenured    total 7424K, used 7415K [0x00000000f5550000, 0x00000000f5c90000, 0x0000000100000000)
  theEvent: 0.808 {heap After GC invocations=15 (full 0):
 DefNew     total 2432K, used 255K [0x00000000f0000000, 0x00000000f02a0000, 0x00000000f5550000)
  eden space 2176K,   0% used [0x00000000f0000000, 0x00000000f0000000, 0x00000000f0220000)
  from space 256K,  99% used [0x00000000f0260000, 0x00000000f029fff8, 0x00000000f02a0000)
  to   space 256K,   0% used [0x00000000f0220000, 0x00000000f0220000, 0x00000000f0260000)
 Tenured    total 8000K, used 7810K [0x00000000f5550000, 0x00000000f5d20000, 0x0000000100000000)
  the  Event: 0.826 {heap Before GC invocations=15 (full 0):
 DefNew     total 2432K, used 2431K [0x00000000f0000000, 0x00000000f02a0000, 0x00000000f5550000)
  eden space 2176K, 100% used [0x00000000f0000000, 0x00000000f0220000, 0x00000000f0220000)
  from space 256K,  99% used [0x00000000f0260000, 0x00000000f029fff8, 0x00000000f02a0000)
  to   space 256K,   0% used [0x00000000f0220000, 0x00000000f0220000, 0x00000000f0260000)
 Tenured    total 8000K, used 7810K [0x00000000f5550000, 0x00000000f5d20000, 0x0000000100000000)
  theEvent: 0.829 {heap After GC invocations=16 (full 0):
 DefNew     total 2432K, used 256K [0x00000000f0000000, 0x00000000f02a0000, 0x00000000f5550000)
  eden space 2176K,   0% used [0x00000000f0000000, 0x00000000f0000000, 0x00000000f0220000)
  from space 256K, 100% used [0x00000000f0220000, 0x00000000f0260000, 0x00000000f0260000)
  to   space 256K,   0% used [0x00000000f0260000, 0x00000000f0260000, 0x00000000f02a0000)
 Tenured    total 8192K, used 8125K [0x00000000f5550000, 0x00000000f5d50000, 0x0000000100000000)
  the  Event: 0.837 {heap Before GC invocations=16 (full 0):
 DefNew     total 2432K, used 2432K [0x00000000f0000000, 0x00000000f02a0000, 0x00000000f5550000)
  eden space 2176K, 100% used [0x00000000f0000000, 0x00000000f0220000, 0x00000000f0220000)
  from space 256K, 100% used [0x00000000f0220000, 0x00000000f0260000, 0x00000000f0260000)
  to   space 256K,   0% used [0x00000000f0260000, 0x00000000f0260000, 0x00000000f02a0000)
 Tenured    total 8192K, used 8125K [0x00000000f5550000, 0x00000000f5d50000, 0x0000000100000000)
  theEvent: 0.839 {heap After GC invocations=17 (full 0):
 DefNew     total 2432K, used 256K [0x00000000f0000000, 0x00000000f02a0000, 0x00000000f5550000)
  eden space 2176K,   0% used [0x00000000f0000000, 0x00000000f0000000, 0x00000000f0220000)
  from space 256K, 100% used [0x00000000f0260000, 0x00000000f02a0000, 0x00000000f02a0000)
  to   space 256K,   0% used [0x00000000f0220000, 0x00000000f0220000, 0x00000000f0260000)
 Tenured    total 8576K, used 8446K [0x00000000f5550000, 0x00000000f5db0000, 0x0000000100000000)
  the  Event: 0.847 {heap Before GC invocations=17 (full 0):
 DefNew     total 2432K, used 2432K [0x00000000f0000000, 0x00000000f02a0000, 0x00000000f5550000)
  eden space 2176K, 100% used [0x00000000f0000000, 0x00000000f0220000, 0x00000000f0220000)
  from space 256K, 100% used [0x00000000f0260000, 0x00000000f02a0000, 0x00000000f02a0000)
  to   space 256K,   0% used [0x00000000f0220000, 0x00000000f0220000, 0x00000000f0260000)
 Tenured    total 8576K, used 8446K [0x00000000f5550000, 0x00000000f5db0000, 0x0000000100000000)
  theEvent: 0.850 {heap After GC invocations=18 (full 0):
 DefNew     total 2432K, used 255K [0x00000000f0000000, 0x00000000f02a0000, 0x00000000f5550000)
  eden space 2176K,   0% used [0x00000000f0000000, 0x00000000f0000000, 0x00000000f0220000)
  from space 256K,  99% used [0x00000000f0220000, 0x00000000f025fff8, 0x00000000f0260000)
  to   space 256K,   0% used [0x00000000f0260000, 0x00000000f0260000, 0x00000000f02a0000)
 Tenured    total 8960K, used 8876K [0x00000000f5550000, 0x00000000f5e10000, 0x0000000100000000)
  the  Event: 0.864 {heap Before GC invocations=18 (full 0):
 DefNew     total 2432K, used 2385K [0x00000000f0000000, 0x00000000f02a0000, 0x00000000f5550000)
  eden space 2176K,  97% used [0x00000000f0000000, 0x00000000f02145c0, 0x00000000f0220000)
  from space 256K,  99% used [0x00000000f0220000, 0x00000000f025fff8, 0x00000000f0260000)
  to   space 256K,   0% used [0x00000000f0260000, 0x00000000f0260000, 0x00000000f02a0000)
 Tenured    total 8960K, used 8876K [0x00000000f5550000, 0x00000000f5e10000, 0x0000000100000000)
  theEvent: 0.868 {heap After GC invocations=19 (full 0):
 DefNew     total 2432K, used 256K [0x00000000f0000000, 0x00000000f02a0000, 0x00000000f5550000)
  eden space 2176K,   0% used [0x00000000f0000000, 0x00000000f0000000, 0x00000000f0220000)
  from space 256K, 100% used [0x00000000f0260000, 0x00000000f02a0000, 0x00000000f02a0000)
  to   space 256K,   0% used [0x00000000f0220000, 0x00000000f0220000, 0x00000000f0260000)
 Tenured    total 9728K, used 9586K [0x00000000f5550000, 0x00000000f5ed0000, 0x0000000100000000)
  the  Event: 0.900 {heap Before GC invocations=19 (full 0):
 DefNew     total 2432K, used 2432K [0x00000000f0000000, 0x00000000f02a0000, 0x00000000f5550000)
  eden space 2176K, 100% used [0x00000000f0000000, 0x00000000f0220000, 0x00000000f0220000)
  from space 256K, 100% used [0x00000000f0260000, 0x00000000f02a0000, 0x00000000f02a0000)
  to   space 256K,   0% used [0x00000000f0220000, 0x00000000f0220000, 0x00000000f0260000)
 Tenured    total 9728K, used 9586K [0x00000000f5550000, 0x00000000f5ed0000, 0x0000000100000000)
  theEvent: 0.904 {heap After GC invocations=20 (full 0):
 DefNew     total 2432K, used 256K [0x00000000f0000000, 0x00000000f02a0000, 0x00000000f5550000)
  eden space 2176K,   0% used [0x00000000f0000000, 0x00000000f0000000, 0x00000000f0220000)
  from space 256K, 100% used [0x00000000f0220000, 0x00000000f0260000, 0x00000000f0260000)
  to   space 256K,   0% used [0x00000000f0260000, 0x00000000f0260000, 0x00000000f02a0000)
 Tenured    total 10304K, used 10160K [0x00000000f5550000, 0x00000000f5f60000, 0x0000000100000000)
  the
Metaspace Usage History (20 events):
Event: 0.702 {metaspace Before GC invocations=10 (full 0):
 Metaspace       used 9373K, committed 9536K, reserved 1114112K
  class space    used 1097K, committed 1152K, reserved 1048576K
}
Event: 0.705 {metaspace After GC invocations=11 (full 0):
 Metaspace       used 9373K, committed 9536K, reserved 1114112K
  class space    used 1097K, committed 1152K, reserved 1048576K
}
Event: 0.749 {metaspace Before GC invocations=11 (full 0):
 Metaspace       used 9425K, committed 9600K, reserved 1114112K
  class space    used 1098K, committed 1152K, reserved 1048576K
}
Event: 0.754 {metaspace After GC invocations=12 (full 0):
 Metaspace       used 9425K, committed 9600K, reserved 1114112K
  class space    used 1098K, committed 1152K, reserved 1048576K
}
Event: 0.763 {metaspace Before GC invocations=12 (full 0):
 Metaspace       used 9425K, committed 9600K, reserved 1114112K
  class space    used 1098K, committed 1152K, reserved 1048576K
}
Event: 0.766 {metaspace After GC invocations=13 (full 0):
 Metaspace       used 9425K, committed 9600K, reserved 1114112K
  class space    used 1098K, committed 1152K, reserved 1048576K
}
Event: 0.773 {metaspace Before GC invocations=13 (full 0):
 Metaspace       used 9426K, committed 9600K, reserved 1114112K
  class space    used 1098K, committed 1152K, reserved 1048576K
}
Event: 0.776 {metaspace After GC invocations=14 (full 0):
 Metaspace       used 9426K, committed 9600K, reserved 1114112K
  class space    used 1098K, committed 1152K, reserved 1048576K
}
Event: 0.805 {metaspace Before GC invocations=14 (full 0):
 Metaspace       used 9455K, committed 9664K, reserved 1114112K
  class space    used 1102K, committed 1216K, reserved 1048576K
}
Event: 0.808 {metaspace After GC invocations=15 (full 0):
 Metaspace       used 9455K, committed 9664K, reserved 1114112K
  class space    used 1102K, committed 1216K, reserved 1048576K
}
Event: 0.826 {metaspace Before GC invocations=15 (full 0):
 Metaspace       used 9482K, committed 9664K, reserved 1114112K
  class space    used 1102K, committed 1216K, reserved 1048576K
}
Event: 0.829 {metaspace After GC invocations=16 (full 0):
 Metaspace       used 9482K, committed 9664K, reserved 1114112K
  class space    used 1102K, committed 1216K, reserved 1048576K
}
Event: 0.837 {metaspace Before GC invocations=16 (full 0):
 Metaspace       used 9483K, committed 9664K, reserved 1114112K
  class space    used 1102K, committed 1216K, reserved 1048576K
}
Event: 0.839 {metaspace After GC invocations=17 (full 0):
 Metaspace       used 9483K, committed 9664K, reserved 1114112K
  class space    used 1102K, committed 1216K, reserved 1048576K
}
Event: 0.847 {metaspace Before GC invocations=17 (full 0):
 Metaspace       used 9483K, committed 9664K, reserved 1114112K
  class space    used 1102K, committed 1216K, reserved 1048576K
}
Event: 0.850 {metaspace After GC invocations=18 (full 0):
 Metaspace       used 9483K, committed 9664K, reserved 1114112K
  class space    used 1102K, committed 1216K, reserved 1048576K
}
Event: 0.864 {metaspace Before GC invocations=18 (full 0):
 Metaspace       used 9507K, committed 9664K, reserved 1114112K
  class space    used 1102K, committed 1216K, reserved 1048576K
}
Event: 0.868 {metaspace After GC invocations=19 (full 0):
 Metaspace       used 9507K, committed 9664K, reserved 1114112K
  class space    used 1102K, committed 1216K, reserved 1048576K
}
Event: 0.900 {metaspace Before GC invocations=19 (full 0):
 Metaspace       used 9579K, committed 9792K, reserved 1114112K
  class space    used 1103K, committed 1216K, reserved 1048576K
}
Event: 0.904 {metaspace After GC invocations=20 (full 0):
 Metaspace       used 9579K, committed 9792K, reserved 1114112K
  class space    used 1103K, committed 1216K, reserved 1048576K
}

Dll operation events (5 events):
Event: 0.008 Loaded shared library D:\JDK\bin\java.dll
Event: 0.061 Loaded shared library D:\JDK\bin\jimage.dll
Event: 0.122 Loaded shared library D:\JDK\bin\net.dll
Event: 0.124 Loaded shared library D:\JDK\bin\nio.dll
Event: 0.159 Loaded shared library D:\JDK\bin\zip.dll

Deoptimization events (20 events):
Event: 0.905 Thread 0x000002370c4f4970 Uncommon trap: trap_request=0xffffff45 fr.pc=0x000002371edaddc8 relative=0x00000000000009c8
Event: 0.905 Thread 0x000002370c4f4970 Uncommon trap: reason=unstable_if action=reinterpret pc=0x000002371edaddc8 method=java.lang.String.hashCode()I @ 42 c2
Event: 0.905 Thread 0x000002370c4f4970 DEOPT PACKING pc=0x000002371edaddc8 sp=0x00000048d60fe400
Event: 0.905 Thread 0x000002370c4f4970 DEOPT UNPACKING pc=0x000002371e8e9f82 sp=0x00000048d60fe1e0 mode 2
Event: 0.914 Thread 0x000002370c4f4970 Uncommon trap: trap_request=0xffffff45 fr.pc=0x000002371ede9658 relative=0x0000000000000458
Event: 0.914 Thread 0x000002370c4f4970 Uncommon trap: reason=unstable_if action=reinterpret pc=0x000002371ede9658 method=java.lang.String.<init>([CIILjava/lang/Void;)V @ 5 c2
Event: 0.914 Thread 0x000002370c4f4970 DEOPT PACKING pc=0x000002371ede9658 sp=0x00000048d60fe4b0
Event: 0.914 Thread 0x000002370c4f4970 DEOPT UNPACKING pc=0x000002371e8e9f82 sp=0x00000048d60fe2e8 mode 2
Event: 0.915 Thread 0x000002370c4f4970 Uncommon trap: trap_request=0xffffff45 fr.pc=0x000002371edea9a8 relative=0x0000000000000428
Event: 0.915 Thread 0x000002370c4f4970 Uncommon trap: reason=unstable_if action=reinterpret pc=0x000002371edea9a8 method=java.lang.String.<init>([CIILjava/lang/Void;)V @ 5 c2
Event: 0.915 Thread 0x000002370c4f4970 DEOPT PACKING pc=0x000002371edea9a8 sp=0x00000048d60fe430
Event: 0.915 Thread 0x000002370c4f4970 DEOPT UNPACKING pc=0x000002371e8e9f82 sp=0x00000048d60fe2e8 mode 2
Event: 0.916 Thread 0x000002370c4f4970 Uncommon trap: trap_request=0xffffff45 fr.pc=0x000002371ede8a4c relative=0x00000000000002cc
Event: 0.916 Thread 0x000002370c4f4970 Uncommon trap: reason=unstable_if action=reinterpret pc=0x000002371ede8a4c method=java.lang.String.<init>([CIILjava/lang/Void;)V @ 5 c2
Event: 0.916 Thread 0x000002370c4f4970 DEOPT PACKING pc=0x000002371ede8a4c sp=0x00000048d60fe3a0
Event: 0.916 Thread 0x000002370c4f4970 DEOPT UNPACKING pc=0x000002371e8e9f82 sp=0x00000048d60fe2e8 mode 2
Event: 0.928 Thread 0x000002370c4f4970 Uncommon trap: trap_request=0xffffff3d fr.pc=0x000002371edafc90 relative=0x0000000000000570
Event: 0.928 Thread 0x000002370c4f4970 Uncommon trap: reason=unstable_fused_if action=reinterpret pc=0x000002371edafc90 method=java.util.HashMap.resize()[Ljava/util/HashMap$Node; @ 31 c2
Event: 0.928 Thread 0x000002370c4f4970 DEOPT PACKING pc=0x000002371edafc90 sp=0x00000048d60fdc90
Event: 0.928 Thread 0x000002370c4f4970 DEOPT UNPACKING pc=0x000002371e8e9f82 sp=0x00000048d60fdbe8 mode 2

Classes loaded (20 events):
Event: 0.549 Loading class java/nio/file/FileTreeWalker$EventType
Event: 0.549 Loading class java/nio/file/FileTreeWalker$EventType done
Event: 0.549 Loading class java/nio/file/Files$3
Event: 0.549 Loading class java/nio/file/Files$3 done
Event: 0.549 Loading class java/nio/file/FileVisitResult
Event: 0.549 Loading class java/nio/file/FileVisitResult done
Event: 0.549 Loading class sun/nio/fs/BasicFileAttributesHolder
Event: 0.549 Loading class sun/nio/fs/BasicFileAttributesHolder done
Event: 0.561 Loading class java/util/ComparableTimSort
Event: 0.561 Loading class java/util/ComparableTimSort done
Event: 0.578 Loading class java/nio/file/Files$2
Event: 0.578 Loading class java/nio/file/Files$2 done
Event: 0.617 Loading class java/nio/file/FileTreeWalker$1
Event: 0.617 Loading class java/nio/file/FileTreeWalker$1 done
Event: 0.618 Loading class java/util/LinkedList$Node
Event: 0.618 Loading class java/util/LinkedList$Node done
Event: 0.908 Loading class java/util/stream/Nodes$FixedNodeBuilder
Event: 0.908 Loading class java/util/stream/Nodes$ArrayNode
Event: 0.908 Loading class java/util/stream/Nodes$ArrayNode done
Event: 0.908 Loading class java/util/stream/Nodes$FixedNodeBuilder done

Classes unloaded (0 events):
No events

Classes redefined (0 events):
No events

Internal exceptions (20 events):
Event: 0.163 Thread 0x000002370c4f4970 Exception <a 'sun/nio/fs/WindowsException'{0x00000000f017a558}> (0x00000000f017a558) 
thrown [s\src\hotspot\share\prims\jni.cpp, line 516]
Event: 0.164 Thread 0x000002370c4f4970 Exception <a 'java/lang/NoSuchMethodError'{0x00000000f0181ff0}: 'int java.lang.invoke.DirectMethodHandle$Holder.invokeVirtual(java.lang.Object, java.lang.Object, java.lang.Object)'> (0x00000000f0181ff0) 
thrown [s\src\hotspot\share\interpreter\linkResolver.cpp, line 804]
Event: 0.166 Thread 0x000002370c4f4970 Exception <a 'java/lang/NoSuchMethodError'{0x00000000f0195eb8}: 'void java.lang.invoke.DirectMethodHandle$Holder.invokeInterface(java.lang.Object, java.lang.Object, java.lang.Object)'> (0x00000000f0195eb8) 
thrown [s\src\hotspot\share\interpreter\linkResolver.cpp, line 804]
Event: 0.170 Thread 0x000002370c4f4970 Exception <a 'java/lang/NoSuchMethodError'{0x00000000f01baf58}: 'java.lang.Object java.lang.invoke.DirectMethodHandle$Holder.invokeStaticInit(java.lang.Object)'> (0x00000000f01baf58) 
thrown [s\src\hotspot\share\interpreter\linkResolver.cpp, line 804]
Event: 0.228 Thread 0x000002370c4f4970 Exception <a 'java/lang/NoSuchMethodError'{0x00000000f0088838}: 'int java.lang.invoke.DirectMethodHandle$Holder.invokeStaticInit(java.lang.Object, java.lang.Object)'> (0x00000000f0088838) 
thrown [s\src\hotspot\share\interpreter\linkResolver.cpp, line 804]
Event: 0.241 Thread 0x000002370c4f4970 Exception <a 'java/lang/NoSuchMethodError'{0x00000000f00cafe0}: 'java.lang.Object java.lang.invoke.DirectMethodHandle$Holder.newInvokeSpecial(java.lang.Object, java.lang.Object, int)'> (0x00000000f00cafe0) 
thrown [s\src\hotspot\share\interpreter\linkResolver.cpp, line 804]
Event: 0.260 Thread 0x000002370c4f4970 Exception <a 'java/lang/NoSuchMethodError'{0x00000000f0106e88}: 'void java.lang.invoke.DirectMethodHandle$Holder.invokeStatic(java.lang.Object, java.lang.Object, java.lang.Object)'> (0x00000000f0106e88) 
thrown [s\src\hotspot\share\interpreter\linkResolver.cpp, line 804]
Event: 0.281 Thread 0x000002370c4f4970 Exception <a 'java/lang/NoSuchMethodError'{0x00000000f0184838}: 'int java.lang.invoke.DirectMethodHandle$Holder.invokeVirtual(java.lang.Object, java.lang.Object)'> (0x00000000f0184838) 
thrown [s\src\hotspot\share\interpreter\linkResolver.cpp, line 804]
Event: 0.287 Thread 0x000002370c4f4970 Exception <a 'java/lang/NoSuchMethodError'{0x00000000f01ef4c8}: 'java.lang.Object java.lang.invoke.DirectMethodHandle$Holder.newInvokeSpecial(java.lang.Object, java.lang.Object, java.lang.Object, java.lang.Object, java.lang.Object)'> (0x00000000f01ef4c8) 
thrown [s\src\hotspot\share\interpreter\linkResolver.cpp, line 804]
Event: 0.289 Thread 0x000002370c4f4970 Exception <a 'java/lang/NoSuchMethodError'{0x00000000f020adf8}: 'java.lang.Object java.lang.invoke.DirectMethodHandle$Holder.newInvokeSpecial(java.lang.Object, java.lang.Object, java.lang.Object, java.lang.Object, java.lang.Object, java.lang.Object)'> (0x00000000f020adf8) 
thrown [s\src\hotspot\share\interpreter\linkResolver.cpp, line 804]
Event: 0.296 Thread 0x000002370c4f4970 Exception <a 'java/lang/NoSuchMethodError'{0x00000000f001f488}: 'java.lang.Object java.lang.invoke.DirectMethodHandle$Holder.newInvokeSpecial(java.lang.Object, java.lang.Object, java.lang.Object, int)'> (0x00000000f001f488) 
thrown [s\src\hotspot\share\interpreter\linkResolver.cpp, line 804]
Event: 0.297 Thread 0x000002370c4f4970 Exception <a 'java/lang/NoSuchMethodError'{0x00000000f0028428}: 'java.lang.Object java.lang.invoke.Invokers$Holder.linkToTargetMethod(java.lang.Object, java.lang.Object, int, java.lang.Object)'> (0x00000000f0028428) 
thrown [s\src\hotspot\share\interpreter\linkResolver.cpp, line 804]
Event: 0.314 Thread 0x000002370c4f4970 Exception <a 'sun/nio/fs/WindowsException'{0x00000000f00d53e8}> (0x00000000f00d53e8) 
thrown [s\src\hotspot\share\prims\jni.cpp, line 516]
Event: 0.425 Thread 0x000002370c4f4970 Exception <a 'sun/nio/fs/WindowsException'{0x00000000f00ec6d8}> (0x00000000f00ec6d8) 
thrown [s\src\hotspot\share\prims\jni.cpp, line 516]
Event: 0.450 Thread 0x000002370c4f4970 Exception <a 'java/lang/NoSuchMethodError'{0x00000000f01cc210}: 'java.lang.Object java.lang.invoke.DirectMethodHandle$Holder.invokeVirtual(java.lang.Object, java.lang.Object, int)'> (0x00000000f01cc210) 
thrown [s\src\hotspot\share\interpreter\linkResolver.cpp, line 804]
Event: 0.546 Thread 0x000002370c4f4970 Exception <a 'java/lang/NoSuchMethodError'{0x00000000f00a4bb0}: 'void java.lang.invoke.DirectMethodHandle$Holder.invokeSpecial(java.lang.Object, java.lang.Object, java.lang.Object, java.lang.Object, java.lang.Object)'> (0x00000000f00a4bb0) 
thrown [s\src\hotspot\share\interpreter\linkResolver.cpp, line 804]
Event: 0.560 Thread 0x000002370c4f4970 Exception <a 'java/lang/NoSuchMethodError'{0x00000000f00e8bc8}: 'void java.lang.invoke.DirectMethodHandle$Holder.invokeStatic(java.lang.Object, java.lang.Object)'> (0x00000000f00e8bc8) 
thrown [s\src\hotspot\share\interpreter\linkResolver.cpp, line 804]
Event: 0.620 Thread 0x000002370c4f4970 Exception <a 'java/lang/NoSuchMethodError'{0x00000000f008bdb0}: 'java.lang.Object java.lang.invoke.DirectMethodHandle$Holder.invokeVirtual(java.lang.Object, java.lang.Object, java.lang.Object, int, int)'> (0x00000000f008bdb0) 
thrown [s\src\hotspot\share\interpreter\linkResolver.cpp, line 804]
Event: 0.634 Thread 0x000002370c4f4970 Exception <a 'java/lang/NoSuchMethodError'{0x00000000f00e8ad8}: 'java.lang.Object java.lang.invoke.DirectMethodHandle$Holder.invokeInterface(java.lang.Object, java.lang.Object)'> (0x00000000f00e8ad8) 
thrown [s\src\hotspot\share\interpreter\linkResolver.cpp, line 804]
Event: 0.926 Thread 0x000002370c4f4970 Exception <a 'java/lang/IncompatibleClassChangeError'{0x00000000f0157d38}: Found class java.lang.Object, but interface was expected> (0x00000000f0157d38) 
thrown [s\src\hotspot\share\interpreter\linkResolver.cpp, line 871]

VM Operations (20 events):
Event: 0.702 Executing safepoint VM operation: SerialCollectForAllocation (Allocation Failure)
Event: 0.705 Executing safepoint VM operation: SerialCollectForAllocation (Allocation Failure) done
Event: 0.749 Executing safepoint VM operation: SerialCollectForAllocation (Allocation Failure)
Event: 0.754 Executing safepoint VM operation: SerialCollectForAllocation (Allocation Failure) done
Event: 0.763 Executing safepoint VM operation: SerialCollectForAllocation (Allocation Failure)
Event: 0.766 Executing safepoint VM operation: SerialCollectForAllocation (Allocation Failure) done
Event: 0.773 Executing safepoint VM operation: SerialCollectForAllocation (Allocation Failure)
Event: 0.776 Executing safepoint VM operation: SerialCollectForAllocation (Allocation Failure) done
Event: 0.805 Executing safepoint VM operation: SerialCollectForAllocation (Allocation Failure)
Event: 0.809 Executing safepoint VM operation: SerialCollectForAllocation (Allocation Failure) done
Event: 0.826 Executing safepoint VM operation: SerialCollectForAllocation (Allocation Failure)
Event: 0.829 Executing safepoint VM operation: SerialCollectForAllocation (Allocation Failure) done
Event: 0.837 Executing safepoint VM operation: SerialCollectForAllocation (Allocation Failure)
Event: 0.839 Executing safepoint VM operation: SerialCollectForAllocation (Allocation Failure) done
Event: 0.847 Executing safepoint VM operation: SerialCollectForAllocation (Allocation Failure)
Event: 0.850 Executing safepoint VM operation: SerialCollectForAllocation (Allocation Failure) done
Event: 0.864 Executing safepoint VM operation: SerialCollectForAllocation (Allocation Failure)
Event: 0.868 Executing safepoint VM operation: SerialCollectForAllocation (Allocation Failure) done
Event: 0.900 Executing safepoint VM operation: SerialCollectForAllocation (Allocation Failure)
Event: 0.904 Executing safepoint VM operation: SerialCollectForAllocation (Allocation Failure) done

Memory protections (0 events):
No events

Nmethod flushes (0 events):
No events

Events (13 events):
Event: 0.021 Thread 0x000002370c4f4970 Thread added: 0x000002370c4f4970
Event: 0.035 Thread 0x000002370c4f4970 Thread added: 0x000002370e839690
Event: 0.036 Thread 0x000002370c4f4970 Thread added: 0x000002370e83b300
Event: 0.036 Thread 0x000002370c4f4970 Thread added: 0x000002370e83e570
Event: 0.036 Thread 0x000002370c4f4970 Thread added: 0x000002370e840140
Event: 0.036 Thread 0x000002370c4f4970 Thread added: 0x000002370e8414a0
Event: 0.036 Thread 0x000002370c4f4970 Thread added: 0x000002370e842280
Event: 0.036 Thread 0x000002370c4f4970 Thread added: 0x000002370e843570
Event: 0.036 Thread 0x000002370c4f4970 Thread added: 0x000002370e844670
Event: 0.056 Thread 0x000002370e843570 Thread added: 0x000002370e411dd0
Event: 0.059 Thread 0x000002370c4f4970 Thread added: 0x0000023726316610
Event: 0.122 Thread 0x000002370c4f4970 Thread added: 0x00000237264d8ef0
Event: 0.436 Thread 0x000002370e844670 Thread added: 0x0000023726c0ce00


Dynamic libraries:
0x00007ff61e4e0000 - 0x00007ff61e4e8000 	D:\JDK\bin\javac.exe
0x00007fff0ad10000 - 0x00007fff0af28000 	C:\Windows\SYSTEM32\ntdll.dll
0x00007fff0a430000 - 0x00007fff0a4f4000 	C:\Windows\System32\KERNEL32.DLL
0x00007fff08480000 - 0x00007fff08853000 	C:\Windows\System32\KERNELBASE.dll
0x00007fff081f0000 - 0x00007fff08301000 	C:\Windows\System32\ucrtbase.dll
0x00007ffed0730000 - 0x00007ffed0746000 	D:\JDK\bin\jli.dll
0x00007ffef0770000 - 0x00007ffef078e000 	D:\JDK\bin\VCRUNTIME140.dll
0x00007fff0a1c0000 - 0x00007fff0a372000 	C:\Windows\System32\USER32.dll
0x00007fff08450000 - 0x00007fff08476000 	C:\Windows\System32\win32u.dll
0x00007fff08cb0000 - 0x00007fff08cd9000 	C:\Windows\System32\GDI32.dll
0x00007fff08010000 - 0x00007fff0812b000 	C:\Windows\System32\gdi32full.dll
0x00007ffeebbe0000 - 0x00007ffeebe7c000 	C:\Windows\WinSxS\amd64_microsoft.windows.common-controls_6595b64144ccf1df_6.0.22621.6060_none_2712eda17382d24b\COMCTL32.dll
0x00007fff08860000 - 0x00007fff088fa000 	C:\Windows\System32\msvcp_win.dll
0x00007fff0a380000 - 0x00007fff0a427000 	C:\Windows\System32\msvcrt.dll
0x00007fff0a610000 - 0x00007fff0a641000 	C:\Windows\System32\IMM32.DLL
0x00007fff00070000 - 0x00007fff0007c000 	D:\JDK\bin\vcruntime140_1.dll
0x00007ffec98b0000 - 0x00007ffec993d000 	D:\JDK\bin\msvcp140.dll
0x00007ffe36030000 - 0x00007ffe36f56000 	D:\JDK\bin\server\jvm.dll
0x00007fff09230000 - 0x00007fff092e1000 	C:\Windows\System32\ADVAPI32.dll
0x00007fff089b0000 - 0x00007fff08a58000 	C:\Windows\System32\sechost.dll
0x00007fff08900000 - 0x00007fff08928000 	C:\Windows\System32\bcrypt.dll
0x00007fff09330000 - 0x00007fff09448000 	C:\Windows\System32\RPCRT4.dll
0x00007fff0a8a0000 - 0x00007fff0a911000 	C:\Windows\System32\WS2_32.dll
0x00007fff07cf0000 - 0x00007fff07d3d000 	C:\Windows\SYSTEM32\POWRPROF.dll
0x00007ffefd380000 - 0x00007ffefd38a000 	C:\Windows\SYSTEM32\VERSION.dll
0x00007fff04990000 - 0x00007fff049c4000 	C:\Windows\SYSTEM32\WINMM.dll
0x00007fff07cd0000 - 0x00007fff07ce3000 	C:\Windows\SYSTEM32\UMPDC.dll
0x00007fff06da0000 - 0x00007fff06db8000 	C:\Windows\SYSTEM32\kernel.appcore.dll
0x00007ffef1590000 - 0x00007ffef159a000 	D:\JDK\bin\jimage.dll
0x00007fff056e0000 - 0x00007fff05913000 	C:\Windows\SYSTEM32\DBGHELP.DLL
0x00007fff0a920000 - 0x00007fff0acb1000 	C:\Windows\System32\combase.dll
0x00007fff09150000 - 0x00007fff09228000 	C:\Windows\System32\OLEAUT32.dll
0x00007ffef1610000 - 0x00007ffef1642000 	C:\Windows\SYSTEM32\dbgcore.DLL
0x00007fff07f90000 - 0x00007fff0800b000 	C:\Windows\System32\bcryptPrimitives.dll
0x00007ffeef860000 - 0x00007ffeef87e000 	D:\JDK\bin\java.dll
0x00007fff08ae0000 - 0x00007fff08c81000 	C:\Windows\System32\ole32.dll
0x00007fff094a0000 - 0x00007fff09d3c000 	C:\Windows\System32\SHELL32.dll
0x00007fff08310000 - 0x00007fff0844f000 	C:\Windows\System32\wintypes.dll
0x00007fff05cb0000 - 0x00007fff065ca000 	C:\Windows\SYSTEM32\windows.storage.dll
0x00007fff08d70000 - 0x00007fff08e74000 	C:\Windows\System32\SHCORE.dll
0x00007fff08a70000 - 0x00007fff08ad9000 	C:\Windows\System32\shlwapi.dll
0x00007fff07d50000 - 0x00007fff07d75000 	C:\Windows\SYSTEM32\profapi.dll
0x00007ffeef760000 - 0x00007ffeef771000 	D:\JDK\bin\net.dll
0x00007fff07260000 - 0x00007fff072c9000 	C:\Windows\system32\mswsock.dll
0x00007ffeee1f0000 - 0x00007ffeee206000 	D:\JDK\bin\nio.dll
0x00007ffecc6a0000 - 0x00007ffecc6b7000 	D:\JDK\bin\zip.dll

JVMTI agents: none

dbghelp: loaded successfully - version: 4.0.5 - missing functions: none
symbol engine: initialized successfully - sym options: 0x614 - pdb path: .;D:\JDK\bin;C:\Windows\SYSTEM32;C:\Windows\WinSxS\amd64_microsoft.windows.common-controls_6595b64144ccf1df_6.0.22621.6060_none_2712eda17382d24b;D:\JDK\bin\server

VM Arguments:
jvm_args: -Dapplication.home=D:\JDK --add-modules=ALL-DEFAULT -Xms8m -XX:+UseSerialGC -Xmx256m -Djdk.module.main=jdk.compiler 
java_command: jdk.compiler/com.sun.tools.javac.Main -cp target/gson-2.11.0.jar -d target/classes src/main/java/com/englishspeaker/model/ReadingResult.java src/main/java/com/englishspeaker/model/Scenario.java src/main/java/com/englishspeaker/model/User.java src/main/java/com/englishspeaker/service/AiService.java src/main/java/com/englishspeaker/service/AudioRecorderService.java src/main/java/com/englishspeaker/service/ConversationService.java src/main/java/com/englishspeaker/service/ReadingService.java src/main/java/com/englishspeaker/service/SpeechToTextService.java src/main/java/com/englishspeaker/service/TextToSpeechService.java src/main/java/com/englishspeaker/service/UserService.java src/main/java/com/englishspeaker/gui/ConversationPanel.java src/main/java/com/englishspeaker/gui/HomePanel.java src/main/java/com/englishspeaker/gui/LoginPanel.java src/main/java/com/englishspeaker/gui/ReadingPanel.java src/main/java/com/englishspeaker/EnglishSpeakerApp.java
java_class_path (initial): <not set>
Launcher Type: SUN_STANDARD

[Global flags]
     intx CICompilerCount                          = 4                                         {product} {ergonomic}
   size_t InitialHeapSize                          = 8388608                                   {product} {command line}
   size_t MaxHeapSize                              = 268435456                                 {product} {command line}
   size_t MaxNewSize                               = 89456640                                  {product} {ergonomic}
   size_t MinHeapDeltaBytes                        = 196608                                    {product} {ergonomic}
   size_t MinHeapSize                              = 8388608                                   {product} {command line}
   size_t NewSize                                  = 2752512                                   {product} {ergonomic}
    uintx NonNMethodCodeHeapSize                   = 5832704                                {pd product} {ergonomic}
    uintx NonProfiledCodeHeapSize                  = 122945536                              {pd product} {ergonomic}
    uintx ProfiledCodeHeapSize                     = 122880000                              {pd product} {ergonomic}
    uintx ReservedCodeCacheSize                    = 251658240                              {pd product} {ergonomic}
     bool SegmentedCodeCache                       = true                                      {product} {ergonomic}
   size_t SoftMaxHeapSize                          = 268435456                              {manageable} {ergonomic}
     bool UseCompressedOops                        = true                           {product lp64_product} {ergonomic}
     bool UseLargePagesIndividualAllocation        = false                                  {pd product} {ergonomic}
     bool UseSerialGC                              = true                                      {product} {command line}

Logging:
Log output configuration:
 #0: stdout all=warning uptime,level,tags foldmultilines=false
 #1: stderr all=off uptime,level,tags foldmultilines=false

Release file:
IMPLEMENTOR="Eclipse Adoptium" 
IMPLEMENTOR_VERSION="Temurin-25.0.2+10" 
JAVA_RUNTIME_VERSION="25.0.2+10-LTS" 
JAVA_VERSION="25.0.2" 
JAVA_VERSION_DATE="2026-01-20" 
LIBC="default" 
MODULES="java.base java.compiler java.datatransfer java.xml java.prefs java.desktop java.instrument java.logging java.management java.security.sasl java.naming java.rmi java.management.rmi java.net.http java.scripting java.security.jgss java.transaction.xa java.sql java.sql.rowset java.xml.crypto java.se java.smartcardio jdk.accessibility jdk.internal.jvmstat jdk.attach jdk.charsets jdk.internal.opt jdk.zipfs jdk.compiler jdk.crypto.cryptoki jdk.crypto.ec jdk.crypto.mscapi jdk.dynalink jdk.internal.ed jdk.editpad jdk.internal.vm.ci jdk.graal.compiler jdk.graal.compiler.management jdk.hotspot.agent jdk.httpserver jdk.incubator.vector jdk.internal.le jdk.internal.md jdk.jartool jdk.javadoc jdk.jcmd jdk.management jdk.management.agent jdk.jconsole jdk.jdeps jdk.jdwp.agent jdk.jdi jdk.jfr jdk.jlink jdk.jpackage jdk.jshell jdk.jsobject jdk.jstatd jdk.localedata jdk.management.jfr jdk.naming.dns jdk.naming.rmi jdk.net jdk.nio.mapmode jdk.sctp jdk.security.auth jdk.security.jgss jdk.unsupported jdk.unsupported.desktop jdk.xml.dom" 
OS_ARCH="x86_64" 
OS_NAME="Windows" 
SOURCE=".:git:9e3c947043a4" 
BUILD_SOURCE="git:458965074606f027bd5afce2cfd5c1055dea0438"
BUILD_SOURCE_REPO="https://github.com/adoptium/temurin-build.git"
SOURCE_REPO="https://github.com/adoptium/jdk25u.git"
FULL_VERSION="25.0.2+10-LTS"
SEMANTIC_VERSION="25.0.2+10"
BUILD_INFO="OS: Windows Server 2022 Version: 10.0"
JVM_VARIANT="Hotspot"
JVM_VERSION="25.0.2+10-LTS"
IMAGE_TYPE="JDK"

Environment Variables:
JAVA_HOME=D:\JDK
PATH=C:\Users\21794\bin;D:\git\Git\mingw64\bin;D:\git\Git\usr\local\bin;D:\git\Git\usr\bin;D:\git\Git\usr\bin;D:\git\Git\mingw64\bin;D:\git\Git\usr\bin;C:\Users\21794\bin;C:\Users\21794\AppData\Local\Programs\Python\Python314\Scripts;C:\Visual Studio Code\Microsoft VS Code;D:\JDK\bin;C:\Program Files (x86)\Common Files\Intel\Shared Libraries\redist\intel64\compiler;C:\Windows\system32;C:\Windows;C:\Windows\System32\Wbem;C:\Windows\System32\WindowsPowerShell\v1.0;C:\Windows\System32\OpenSSH;C:\Program Files\dotnet;C:\Program Files (x86)\NVIDIA Corporation\PhysX\Common;E:\Process losso\Process Lasso;C:\Program Files\NVIDIA Corporation\NVIDIA NvDLISR;D:\MySQL\MySQL Server 8.0\bin;C:\Program Files\Microsoft SQL Server\150\Tools\Binn;C:\Program Files\Microsoft SQL Server\Client SDK\ODBC\170\Tools\Binn;C:\Program Files (x86)\Windows Kits\10\Windows Performance Toolkit;D:\git\Git\cmd;C:\Program Files\Docker\Docker\resources\bin;C:\Program Files\nodejs;E:\anaconda;E:\anaconda\Library\mingw-w64\bin;E:\anaconda\Library\usr\bin;E:\anaconda\Library\bin;E:\anaconda\Scripts;C:\Users\21794\AppData\Local\Programs\Python\Launcher;C:\Program Files\MySQL\MySQL Shell 8.0\bin;C:\Users\21794\AppData\Local\Microsoft\WindowsApps;C:\Visual Studio Code\Microsoft VS Code\bin;C:\Users\21794\.dotnet\tools;C:\ProgramData\21794\GitHubDesktop\bin;E:\PyCharm\professional_version\PyCharm 2025.3.1.1\bin;C:\Users\21794\AppData\Roaming\npm;D:\JDK\bin;D:\JDK\bin;D:\git\Git\usr\bin\vendor_perl;D:\git\Git\usr\bin\core_perl
USERNAME=21794
SHELL=D:\git\Git\bin\bash.exe
TERM=xterm-256color
OS=Windows_NT
PROCESSOR_IDENTIFIER=Intel64 Family 6 Model 154 Stepping 4, GenuineIntel
TMP=C:\Users\21794\AppData\Local\Temp
TEMP=C:\Users\21794\AppData\Local\Temp




Compilation memory statistics disabled.

Periodic native trim disabled

---------------  S Y S T E M  ---------------

OS:
 Windows 11 , 64 bit Build 22621 (10.0.22621.5415)
OS uptime: 2 days 8:54 hours
Hyper-V role detected

CPU: total 12 (initial active 12) (6 cores per cpu, 2 threads per core) family 6 model 154 stepping 4 microcode 0x43b, cx8, cmov, fxsr, ht, mmx, 3dnowpref, sse, sse2, sse3, ssse3, sse4.1, sse4.2, popcnt, lzcnt, tsc, tscinvbit, avx, avx2, aes, erms, clmul, bmi1, bmi2, adx, sha, fma, vzeroupper, clflush, clflushopt, clwb, hv, serialize, rdtscp, rdpid, fsrm, gfni, f16c, cet_ibt, cet_ss
Processor Information for the first 12 processors :
  Max Mhz: 2501, Current Mhz: 2501, Mhz Limit: 2501

Memory: 4k page, system-wide physical 16068M (9358M free)
TotalPageFile size 46788M (AvailPageFile size 3M)
current process WorkingSet (physical memory assigned to process): 87M, peak: 88M
current process commit charge ("private bytes"): 70M, peak: 71M

vm_info: OpenJDK 64-Bit Server VM (25.0.2+10-LTS) for windows-amd64 JRE (25.0.2+10-LTS), built on 2026-01-20T00:00:00Z with MS VC++ 17.12 (VS2022)

END.
