E:\EN_study_tool\Eng_verbal_practice_tool\src\main\java\com\englishspeaker\EnglishSpeakerApp.java
E:\EN_study_tool\Eng_verbal_practice_tool\src\main\java\com\englishspeaker\gui\ConversationPanel.java
E:\EN_study_tool\Eng_verbal_practice_tool\src\main\java\com\englishspeaker\gui\HomePanel.java
E:\EN_study_tool\Eng_verbal_practice_tool\src\main\java\com\englishspeaker\gui\LoginPanel.java
E:\EN_study_tool\Eng_verbal_practice_tool\src\main\java\com\englishspeaker\gui\ReadingPanel.java
E:\EN_study_tool\Eng_verbal_practice_tool\src\main\java\com\englishspeaker\model\ReadingResult.java
E:\EN_study_tool\Eng_verbal_practice_tool\src\main\java\com\englishspeaker\model\Scenario.java
E:\EN_study_tool\Eng_verbal_practice_tool\src\main\java\com\englishspeaker\model\User.java
E:\EN_study_tool\Eng_verbal_practice_tool\src\main\java\com\englishspeaker\service\AiService.java
E:\EN_study_tool\Eng_verbal_practice_tool\src\main\java\com\englishspeaker\service\ConversationService.java
E:\EN_study_tool\Eng_verbal_practice_tool\src\main\java\com\englishspeaker\service\ReadingService.java
E:\EN_study_tool\Eng_verbal_practice_tool\src\main\java\com\englishspeaker\service\UserService.java
